targets: 214; cached: 0; to do: 214
  [1/214] NO_CAPTURE                              http://ggzy.neijiang.gov.cn/jyxx/006001/006001006/20240511/db0f58cb-6874-4e99-ad
  [2/214] RESOLVED                 20260719063702 http://m.changshun.ccoo.cn/bbs/sxinfo.aspx?id=10344892
  [3/214] RESOLVED                 20230831080835 http://m.shangdu.com/infom-bmOt4W-bVx0ED.html
  [4/214] RESOLVED                 20260710094134 http://news.iqilu.com/shandong/shandonggedi/20221102/5271085.shtml
  [5/214] RESOLVED                 20240809223344 http://nyj.shandong.gov.cn/art/2022/5/17/art_253733_10292435.html
  [6/214] RESOLVED                 20230818123947 http://sndrc.shaanxi.gov.cn/fgwj/2009n/1017151nuQn63.htm
  [7/214] RESOLVED                 20240924172937 http://wcb.yn.gov.cn/html/2023/xingzhengxuke-content_0625/56611.html
  [8/214] RESOLVED                 20250908201519 http://www.aqnews.com.cn/2023/12/04/99679504.html
  [9/214] RESOLVED                 20250929170327 http://www.ccin.com.cn/detail/3e0379abd63e5828ebeef663aedb2a81
      500 — backing off 20s
      500 — backing off 45s
      500 — backing off 90s
      ConnectionError — backing off 180s
  [10/214] LOOKUP_ERROR                            http://www.chenghai.gov.cn/ch/zwgk/tpxw/content/post_2064235.html
  [11/214] RESOLVED                 20240919205858 http://www.chinaeia.cn/content.aspx?id=850
  [12/214] RESOLVED                 20260121010059 http://www.cnpclwpmc.com/?news_3/1314.html
  [13/214] RESOLVED                 20251230130820 http://www.cpecc.ceec.net.cn/art/2024/1/2/art_29047_2518275.html
  [14/214] RESOLVED                 20260719063707 http://www.ddcpc.cn/yj/yaowen-detail-wap.html?id=11515116573395
  [15/214] RESOLVED                 20240924213500 http://www.guandaobaohuchina.com/htm/20221/2_3600.htm
  [16/214] RESOLVED                 20260712015701 http://www.hhnykg.com/articles/1072/106011
  [17/214] RESOLVED                 20250902140516 http://www.jxganan.com/anquanyanshoupingjia/9273.html
  [18/214] RESOLVED                 20250301103846 http://www.luoding.gov.cn/yfldzrzy/gkmlpt/content/1/1841/mpost_1841542.html#3952
  [19/214] RESOLVED                 20260711040831 http://www.lvliang.gov.cn/llxxgk/zfxxgk/xxgkml/ghjh_21562/202112/t20211224_16047
  [20/214] RESOLVED                 20230810055147 http://www.mianxian.gov.cn/mxzf/xwzx/jcdt/bmdt/202303/a6091ba3c4b54de28304c5688d
  [21/214] RESOLVED                 20250609081622 http://www.nmgczx.com/index.php/Home/Index/article/id/1189.html
  [22/214] RESOLVED                 20230815021947 http://www.qingyangwang.com.cn/content/2019-08/22/content_176262.htm
  [23/214] RESOLVED                 20260723002045 http://www.sasac.gov.cn/n2588025/n2588124/c29339130/content.html
  [24/214] RESOLVED                 20260719063719 http://www.tianbe.com/upload/file/20241108/9c2117e7d88b15a27ab253b19bf0fc6d.pdf
  [25/214] RESOLVED                 20240905091537 http://www.yiyuan.gov.cn/gongkai/site_yyxlsjdbsc/channel_5fbb0173641ca30b65f4add
  [26/214] RESOLVED                 20230824013212 http://www.zgazxxw.com/zbpd/zbgg/201502/456830.php
      ConnectionError — backing off 20s
      ConnectionError — backing off 45s
  [27/214] RESOLVED                 20230924080342 http://www.zgazxxw.com/zbpd/zbgg/201507/878130.php
      ConnectionError — backing off 20s
      ReadTimeout — backing off 45s
  [28/214] RESOLVED                 20250613020248 http://xzspglj.linfen.gov.cn/zzzb/gsgg/202411/t20241105_417847.html
  [29/214] RESOLVED                 20230824130155 http://xzspj.sjz.gov.cn/col/1603258083788/2023/07/19/1689752490448.html
  [30/214] RESOLVED                 20230924104344 http://ynb.nea.gov.cn/front/article/103046.html
  [31/214] RESOLVED                 20260719063701 https://baijiahao.baidu.com/s?id=1733585841559722234&wfr=spider&for=pc
  [32/214] RESOLVED                 20260108022110 https://baijiahao.baidu.com/s?id=1761691413186626869
  [33/214] RESOLVED                 20260719063700 https://bid.jszhaobiao.com/projectinfo-detail-164189548.html
  [34/214] RESOLVED                 20250526070728 https://business.sohu.com/20070402/n249131064.shtml
  [35/214] RESOLVED                 20260712022907 https://caifuhao.eastmoney.com/news/20231117171934667321040
  [36/214] RESOLVED                 20250528135216 https://dnr.gxzf.gov.cn/zfxxgk/fdzdgknr/ygzd/jsydpfwj/t18327386.shtml
  [37/214] RESOLVED                 20240925190958 https://dnr.gxzf.gov.cn/zfxxgk/fdzdgknr/zdxx/spjg/jsxmydysjg/t17807336.shtml
  [38/214] RESOLVED                 20260120235515 https://eedsgtjt.cn/contents/14/13951.html
  [39/214] RESOLVED                 20250801170220 https://fgw.qdn.gov.cn/zwgk_5822016/xxgkml/jytabl/dbjydf/202506/t20250625_881863
  [40/214] RESOLVED                 20250526014929 https://finance.sina.cn/sa/2006-07-18/detail-ikknscsi3560497.d.html
  [41/214] RESOLVED                 20260710150413 https://finance.sina.com.cn/money/future/nyzx/2019-11-29/doc-iihnzhfz2556906.sht
  [42/214] RESOLVED                 20250526071748 https://finance.sina.com.cn/roll/20081110/23485489398.shtml
      ConnectionError — backing off 20s
  [43/214] RESOLVED                 20250908201556 https://fynews.gov.cn/wap/FengyangNews/info.aspx?ItemID=102855
      ConnectionError — backing off 20s
      ConnectionError — backing off 45s
      ConnectionError — backing off 90s
  [44/214] RESOLVED                 20260714072713 https://fzggw.cq.gov.cn/zwgk/zfxxgkml/jytabl/jygk_53511/202012/t20201202_8520961
  [45/214] RESOLVED                 20240923201321 https://fzggw.cq.gov.cn/zwgk/zfxxgkml/sphzbaxx/202301/t20230116_11508774.html
  [46/214] RESOLVED                 20241003221346 https://fzggw.cq.gov.cn/zwgk/zfxxgkml/sphzbaxx/202404/t20240419_13142858.html
  [47/214] RESOLVED                 20260712050817 https://gangchang.lgmi.com/html/201504/23/3463.htm
  [48/214] RESOLVED                 20260502124823 https://gas.in-en.com/html/gas-3684096.shtml
  [49/214] RESOLVED                 20260218013858 https://gas.in-en.com/html/gas-3688756.shtml
  [50/214] RESOLVED                 20250609033922 https://gas.in-en.com/html/gas-3689296.shtml
  [51/214] RESOLVED                 20250801175210 https://ggzy.guizhou.gov.cn/tradeInfo/detailHtml?metaId=972760029741797376
  [52/214] RESOLVED                 20260107222845 https://ggzyjy.sc.gov.cn/jyxx/002001/002001006/20220420/aa7782de-8fd7-41ab-8a73-
  [53/214] RESOLVED                 20260121204511 https://gu.qq.com/sh600917/gp/jbnb/nos1213270628
  [54/214] RESOLVED                 20250610123010 https://guba.eastmoney.com/news,gssz,121199076.html?jumph5=1
  [55/214] RESOLVED                 20250929153558 https://gzw.guizhou.gov.cn/xwzx/szgz/202409/t20240903_85539460.html
  [56/214] RESOLVED                 20260714044726 https://hb.dzwww.com/p/p74kRCZyxe.html
  [57/214] RESOLVED                 20260423150512 https://henan.china.com/news/xy/2024/0126/2530628775.html
  [58/214] RESOLVED                 20240924192858 https://hyxy.heyuan.gov.cn/QXXYGSXZXKDETAIL/2e62e22b4cd94d7fbab60da13d595374/.ht
  [59/214] RESOLVED                 20260713202157 https://i.ifeng.com/c/8E5SYfwsfCR
  [60/214] RESOLVED                 20250604112905 https://inews.nmgnews.com.cn/system/2017/04/01/012315641.shtml
      ConnectionError — backing off 20s
      ConnectionError — backing off 45s
      ReadTimeout — backing off 90s
  [61/214] RESOLVED                 20241002202759 https://kw.beijing.gov.cn/art/2024/1/11/art_9884_672614.html
  [62/214] RESOLVED                 20250929170448 https://m-huanggang.cjyun.org/p/417115.html
  [63/214] RESOLVED                 20260713230454 https://m.163.com/dy/article/ITLEVKOP0552EVJ6.html
  [64/214] RESOLVED                 20260726040729 https://m.cbi360.net/gov/318077.html
  [65/214] RESOLVED                 20260715041935 https://m.cbi360.net/ztb/13321431.html
  [66/214] RESOLVED                 20260713140653 https://m.kunming.cn/news/c/2018-05-31/10523828.shtml
  [67/214] RESOLVED                 20260712092720 https://m.thepaper.cn/baijiahao_13415114?sdkver=e06426d6&clientprefetch=1
  [68/214] RESOLVED                 20250908213000 https://m.zhaobiao.cn/rlxm/approved_v_ba57331bb0d278ef514fa3397d7bef89.html
  [69/214] RESOLVED                 20250612083918 https://max.book118.com/html/2018/0615/172710425.shtm
  [70/214] RESOLVED                 20250613063341 https://max.book118.com/html/2018/0819/6141050154001212.shtm
  [71/214] RESOLVED                 20250907042606 https://mgas.in-en.com/html/gas-3188628.shtml
  [72/214] RESOLVED                 20250618141018 https://mgas.in-en.com/html/gas-3667971.shtml
  [73/214] RESOLVED                 20260714065530 https://mp.weixin.qq.com/s?__biz=MjM5MjUxNDU2MA==&mid=2650544485&idx=2&sn=1e39de
  [74/214] RESOLVED                 20240801164242 https://mp.weixin.qq.com/s?__biz=MjM5Njg5NTA2Ng==&mid=2651241417&idx=1&sn=0f4b45
  [75/214] RESOLVED                 20250722232622 https://mp.weixin.qq.com/s?__biz=MzI2OTE3NTY0OA==&mid=2650425649&idx=2&sn=f993ad
      ConnectionError — backing off 20s
  [76/214] RESOLVED                 20260711042535 https://mp.weixin.qq.com/s?__biz=MzUzMDAxNTAzMg==&mid=2247488462&idx=1&sn=619e6e
      ConnectionError — backing off 20s
      ConnectionError — backing off 45s
  [77/214] RESOLVED                 20260713112456 https://news.bjd.com.cn/2023/09/28/10578414.shtml
  [78/214] RESOLVED                 20260710222448 https://news.bjx.com.cn/html/20220907/1253743.shtml
      ConnectionError — backing off 20s
  [79/214] RESOLVED                 20260711230314 https://news.cnjiwang.com/jlxwdt/cc/201612/2294060.html
  [80/214] RESOLVED                 20260710210901 https://news.qq.com/rain/a/20240520A098J300
  [81/214] RESOLVED                 20260710025627 https://news.qq.com/rain/a/20240531A09VF700?suid=&media_id=
  [82/214] RESOLVED                 20250610125543 https://news.sina.cn/sa/2005-11-30/detail-ikkntiam5222798.d.html
  [83/214] RESOLVED                 20260712235330 https://news.sina.com.cn/c/2002-03-20/1420515942.html#:~:text=%E5%B1%B1%E4%B8%9C
  [84/214] RESOLVED                 20240731220406 https://news.southcn.com/node_810c33d731/b67c405345.shtml
  [85/214] RESOLVED                 20250802013217 https://nyj.guizhou.gov.cn/ztzl/jytazl/202107/t20210719_69051040.html
  [86/214] RESOLVED                 20250803045103 https://nyj.guizhou.gov.cn/zwgk/xxgkml/zdlyxx/zdjsxm_33323/202206/t20220624_7524
  [87/214] RESOLVED                 20250410044824 https://oss.yanshougs.com/a26f10f59e78e283101c1b67fccb68da.pdf
  [88/214] RESOLVED                 20240923211552 https://slt.henan.gov.cn/2020/08-17/1755203.html
  [89/214] RESOLVED                 20250615145206 https://slt.shanxi.gov.cn/sltzwgk/zdxxgk/202201/t20220117_4520836.html
  [90/214] RESOLVED                 20260613055104 https://static.cninfo.com.cn/finalpage/2021-04-06/1209638607.PDF
  [91/214] RESOLVED                 20240926212027 https://sthj.lf.gov.cn/open/detail/id/7419.html
  [92/214] NO_CAPTURE               404            https://sthj.qdn.gov.cn/...
  [93/214] RESOLVED                 20250804100359 https://sthj.qdn.gov.cn/xxgk_0/fdzdgknr/xzsp_5819700/spqgs_5819703/202012/t20201
      ConnectionError — backing off 20s
      ConnectionError — backing off 45s
  [94/214] RESOLVED                 20250724013149 https://sthjj.cq.gov.cn/zwgk_249/zfxxgkzl/fdzdgknr/hjyxpj/pzgcxx/sljsxmhpxxgg/20
      ConnectionError — backing off 20s
  [95/214] RESOLVED                 20250610103233 https://sthjt.shanxi.gov.cn/zwgk/hjpj/nzcspyjgs/202111/t20211114_3211782.shtml
  [96/214] RESOLVED                 20260727210508 https://td.gd.gov.cn/zcwj_n/xkgg/content/post_4419597.html
      ConnectionError — backing off 20s
  [97/214] RESOLVED                 20250722032528 https://vip.stock.finance.sina.com.cn/corp/view/vCB_AllBulletinDetail.php?stocki
  [98/214] RESOLVED                 20260710062709 https://wap.cnyeig.com/gggs/201404/t20140402_14850.html
  [99/214] RESOLVED                 20260712205927 https://www.163.com/dy/article/I0EVLQU7053870VK.html
  [100/214] RESOLVED                 20260729195719 https://www.163.com/dy/article/II35TJ100530QRMB.html
  [101/214] RESOLVED                 20260712083358 https://www.163.com/dy/article/IO943HKQ05565EU3.html
  [102/214] RESOLVED                 20260420051656 https://www.163.com/dy/article/J9OCU4N005380ADU.html
  [103/214] RESOLVED                 20260513040209 https://www.baoshan.gov.cn/info/5275/10173054.htm
  [104/214] RESOLVED                 20260714094820 https://www.bidcenter.com.cn/news-276438913-1.html
  [105/214] RESOLVED                 20230824084409 https://www.bidcenter.com.cn/newscontent-19041504-1.html
  [106/214] RESOLVED                 20260719063712 https://www.bidcenter.com.cn/newscontent-43689558-1.html
  [107/214] RESOLVED                 20251008223938 https://www.bjgas.com/tag/51/
  [108/214] RESOLVED                 20250617181855 https://www.bynr.gov.cn/dtxw/zwdt/202403/t20240305_586736.html
  [109/214] RESOLVED                 20260514205837 https://www.ccpc360.com/bggg59218375210.html
  [110/214] RESOLVED                 20250721204937 https://www.ccpc360.com/news/XNLycSHOxgmN3hQQ6GuxAjfB.html
      ConnectionError — backing off 20s
      ConnectionError — backing off 45s
      ConnectionError — backing off 90s
  [111/214] RESOLVED                 20250612031959 https://www.ccpc360.com/xmzx133704.html
  [112/214] RESOLVED                 20230810054037 https://www.ccpc360.com/xmzx686985.html
  [113/214] RESOLVED                 20250610032931 https://www.ccpc360.com/zbgs47027787155.html
  [114/214] RESOLVED                 20250612050113 https://www.chinamae.com/purchases/56f5c1b1e705bb607d9b8aaad9549ebd.html
  [115/214] RESOLVED                 20241003184117 https://www.cq.gov.cn/zt/cydqscjjq/chscjjhjjq/202406/t20240619_13308078.html
  [116/214] RESOLVED                 20230824041112 https://www.dljczb.com/xunjia/show-1827929/
  [117/214] RESOLVED                 20250530073539 https://www.dlnyzb.com/detail/23806458
  [118/214] RESOLVED                 20240912181819 https://www.doc88.com/p-14761863654703.html
  [119/214] RESOLVED                 20240912233907 https://www.doc88.com/p-18173778462751.html
  [120/214] NO_CAPTURE               404            https://www.doc88.com/p-59759701226314.htmll
  [121/214] RESOLVED                 20260502111723 https://www.doc88.com/p-60887991570552.html
  [122/214] RESOLVED                 20240919182754 https://www.doc88.com/p-81899608999762.html
  [123/214] RESOLVED                 20260120064905 https://www.fujian.gov.cn/zwgk/ztzl/gjcjgxgg/dt/202407/t20240710_6481396.htm
  [124/214] RESOLVED                 20250928225532 https://www.ggzy.gov.cn/information/html/a/130000/0104/202503/18/0013cae0e3f9942
  [125/214] RESOLVED                 20250928225807 https://www.guizhou.gov.cn/zwgk/zcfg/szfwj/qfbf/202407/t20240718_85130061.html?i
      ConnectionError — backing off 20s
  [126/214] RESOLVED                 20250805061447 https://www.gzzn.gov.cn/xw/tzgg/202504/t20250401_87326219.html
      ConnectionError — backing off 20s
      ConnectionError — backing off 45s
      ConnectionError — backing off 90s
  [127/214] NO_CAPTURE               404            https://www.haishu.gov.cn/art/2021/7/16/art_1229550817_58946344.html
  [128/214] RESOLVED                 20240807222701 https://www.huoqiu.gov.cn/public/6596251/36740152.html
  [129/214] RESOLVED                 20260710110328 https://www.imline.cn/article/edWeFnunci2sh1cGluZzE1ODMzMAO0O0OO0O0O.html
  [130/214] RESOLVED                 20230815040453 https://www.ixueshu.com/h5/document/674fa6ad8a98c600d2c3c1739516f1be318947a18e7f
  [131/214] RESOLVED                 20260529135326 https://www.jingjiang.gov.cn/cms_files/filemanager/1742096762/attach/20237/354dc
  [132/214] RESOLVED                 20260710114912 https://www.luan.gov.cn/public/content/10063560
  [133/214] RESOLVED                 20260724140932 https://www.mee.gov.cn/ywdt/gsgg/gongshi/wqgs_1/201802/W020180209508907992771.pd
  [134/214] RESOLVED                 20260713173736 https://www.nanjing.gov.cn/xxgkn/zt/ghxxgk_70036/ssw/zxgh_70041/202203/t20220316
  [135/214] RESOLVED                 20260719152045 https://www.ndrc.gov.cn/fggz/fzzlgh/dffzgh/202105/P020210508614699466849.pdf
  [136/214] RESOLVED                 20260719180033 https://www.ndrc.gov.cn/xwdt/ztzl/nybzgzzl/gnjnybz/202102/t20210226_1268471_ext.
  [137/214] RESOLVED                 20250610061112 https://www.nea.gov.cn/2008-11/04/c_131110752.htm
  [138/214] RESOLVED                 20250610065723 https://www.nea.gov.cn/2011-09/07/c_131110752.htm
  [139/214] RESOLVED                 20250530132533 https://www.nea.gov.cn/2012-06/18/c_131660248.htm
  [140/214] RESOLVED                 20250604023019 https://www.nmg.gov.cn/zwgk/zfxxgk/zfxxgkml/202102/W020210210454385307464/mobile
      ConnectionError — backing off 20s
      ConnectionError — backing off 45s
  [141/214] RESOLVED                 20250529082239 https://www.nxnews.net/ds/ycpd/jryc/202309/t20230918_8483138.html
      ConnectionError — backing off 20s
  [142/214] RESOLVED                 20250529035958 https://www.nxnews.net/zt/25n/wzzcfz/yw/202501/t20250110_10165692.html
  [143/214] RESOLVED                 20250610034921 https://www.ordos.gov.cn/gk_128120/zdjsxm/xmsg/202312/t20231204_3538255.html
  [144/214] RESOLVED                 20240917094521 https://www.ordos.gov.cn/xw_127672/bmdt/202407/t20240722_3637754.html
      ConnectionError — backing off 20s
  [145/214] RESOLVED                 20250730220228 https://www.qdn.gov.cn/zwgk_5871642/zfxxgk_5871649/fdzdgknr_5871652/lzyj/gfxwj_5
  [146/214] RESOLVED                 20250928230457 https://www.qiannan.gov.cn/zwgk/zdlygk/nyzy/yqynyaqjdgl/202008/t20200805_7439784
  [147/214] RESOLVED                 20260610183018 https://www.qj.gov.cn/html/2023/rddbjy_0919/265361.html
  [148/214] RESOLVED                 20260722074932 https://www.sgc.az/en/project/scp
  [149/214] RESOLVED                 20260713033615 https://www.shobserver.com/wx/detail.do?id=699186
  [150/214] RESOLVED                 20260108164922 https://www.sm.gov.cn/smsrmzfbgs/smsrmzf/zfxxgkml/qtyzdgkdzfxx/202403/t20240306_
  [151/214] RESOLVED                 20240919214134 https://www.sohu.com/a/146227787_99896823
  [152/214] RESOLVED                 20250616015213 https://www.sohu.com/a/197539300_251884
  [153/214] RESOLVED                 20250929050834 https://www.sohu.com/a/247164389_819909
  [154/214] RESOLVED                 20260710225437 https://www.sohu.com/a/466792472_661255
  [155/214] RESOLVED                 20250929042706 https://www.sohu.com/a/48451590_121315
  [156/214] RESOLVED                 20250929045851 https://www.sohu.com/a/712826332_121123881
      ConnectionError — backing off 20s
  [157/214] RESOLVED                 20240925204028 https://www.sohu.com/a/758830461_121124362
      ConnectionError — backing off 20s
      ConnectionError — backing off 45s
  [158/214] RESOLVED                 20241002184907 https://www.sohu.com/a/758956080_121123677
  [159/214] RESOLVED                 20260729162736 https://www.sohu.com/a/810710656_120243282
  [160/214] RESOLVED                 20250611053201 https://www.suntien.com/detail.php?en=c&id=14&infoid=685
  [161/214] RESOLVED                 20260623113708 https://www.szyq.gov.cn/public/6623403/159670281.html
  [162/214] RESOLVED                 20230802091106 https://www.toutiao.com/article/4048810551/?channel=&source=search_tab
  [163/214] RESOLVED                 20250723173028 https://www.toutiao.com/article/6599842714689208846/?upstream_biz=doubao&source=
  [164/214] RESOLVED                 20250929044337 https://www.toutiao.com/article/6749537290734797326/?channel=&source=search_tab&
  [165/214] RESOLVED                 20260714023618 https://www.toutiao.com/article/6774539096653038083/?upstream_biz=doubao&source=
  [166/214] RESOLVED                 20250929044307 https://www.toutiao.com/article/6963596907428135457/?channel=&is_new_connect=0&i
  [167/214] RESOLVED                 20250722221415 https://www.toutiao.com/article/7130218493739434526/?upstream_biz=doubao&source=
  [168/214] RESOLVED                 20250804042144 https://www.toutiao.com/article/7172748331969004072/?channel=&source=search_tab
  [169/214] RESOLVED                 20250929042211 https://www.toutiao.com/article/7174599533656015396/?channel=&source=search_tab
  [170/214] RESOLVED                 20260710163026 https://www.toutiao.com/article/7195223413203010104/?channel=&source=search_tab
  [171/214] RESOLVED                 20250929042332 https://www.toutiao.com/article/7283690276881908278/?channel=&source=search_tab
  [172/214] RESOLVED                 20250929044107 https://www.toutiao.com/article/7288888495572255292/?channel=&source=search_tab
  [173/214] RESOLVED                 20260711223233 https://www.toutiao.com/article/7296126036092305930/?channel=&source=search_tab
  [174/214] RESOLVED                 20260714201145 https://www.toutiao.com/article/7303494285864059432/?channel=&source=search_tab
  [175/214] RESOLVED                 20250326101234 https://www.toutiao.com/article/7303691189646213669/?channel=&source=search_tab
      ConnectionError — backing off 20s
  [176/214] RESOLVED                 20260711040853 https://www.toutiao.com/article/7309783977328738826/?channel=&source=search_tab
      ConnectionError — backing off 20s
      ConnectionError — backing off 45s
      ReadTimeout — backing off 90s
  [177/214] RESOLVED                 20250521091740 https://www.toutiao.com/article/7316336635527086631/?channel=&source=search_tab
  [178/214] RESOLVED                 20260711120413 https://www.toutiao.com/article/7318190574874608155/?channel=&source=search_tab
  [179/214] RESOLVED                 20260714050755 https://www.toutiao.com/article/7324521903941730879/?channel=&source=search_tab
  [180/214] RESOLVED                 20260624091459 https://www.toutiao.com/article/7324888243978699300/?channel=&source=search_tab
  [181/214] RESOLVED                 20260727140310 https://www.toutiao.com/article/7331954780530950694/?channel=&source=search_tab
  [182/214] RESOLVED                 20260710003926 https://www.toutiao.com/article/7340976890255311400/?channel=&source=search_tab
  [183/214] RESOLVED                 20250908201445 https://www.toutiao.com/article/7341234143981978175/?channel=&source=search_tab
  [184/214] RESOLVED                 20260711191225 https://www.toutiao.com/article/7351350860141642281/?channel=&source=search_tab
  [185/214] RESOLVED                 20260713154125 https://www.toutiao.com/article/7360523618155299337/?channel=&source=search_tab
  [186/214] RESOLVED                 20250929045650 https://www.toutiao.com/article/7360608408875139584/?channel=&source=search_tab
  [187/214] RESOLVED                 20240809220704 https://www.toutiao.com/article/7360961052723298825/?channel=&source=search_tab
  [188/214] RESOLVED                 20260715083206 https://www.toutiao.com/article/7373824120582177320/?channel=&source=search_tab
  [189/214] RESOLVED                 20260712204946 https://www.toutiao.com/article/7375313174498918924/?channel=&source=search_tab
  [190/214] RESOLVED                 20260712074755 https://www.toutiao.com/article/7382109431041032767/?channel=&source=search_tab
  [191/214] RESOLVED                 20250514090936 https://www.toutiao.com/article/7387950308439196212/?channel=&source=search_tab
  [192/214] RESOLVED                 20250929050553 https://www.toutiao.com/article/7394374433810432575/?channel=&source=search_tab
      ConnectionError — backing off 20s
      ConnectionError — backing off 45s
  [193/214] RESOLVED                 20260710053208 https://www.toutiao.com/article/7405871689043460620/?channel=&source=search_tab
  [194/214] RESOLVED                 20250530055004 https://www.toutiao.com/article/7453616062542905908/?channel=&source=search_tab
      ConnectionError — backing off 20s
  [195/214] RESOLVED                 20250605055227 https://www.tpsq.gov.cn/eportal/ui?articleKey=39e202fda0b04c68b2791a3f81157760&c
      ConnectTimeout — backing off 20s
  [196/214] RESOLVED                 20250617042901 https://www.tyfxskj.cn/news/293.html
  [197/214] RESOLVED                 20260710201840 https://www.wdfxw.net/doc58974101.htm
  [198/214] RESOLVED                 20260713031548 https://www.xinjiang.gov.cn/xinjiang/dzdt/202404/91c67e6c14c0453c9e823862d8996e1
  [199/214] RESOLVED                 20250811163108 https://www.xj.chinanews.com.cn/dizhou/2024-11-06/detail-iheiszsm5300397.shtml
  [200/214] RESOLVED                 20250526082415 https://www.xjbz.gov.cn/xjbz/c101429/201903/c4cb515f93ea4d0c9d5e6c5473a45d32.sht
  [201/214] RESOLVED                 20240801182141 https://www.yn.gov.cn/ynxwfbt/html/2017/zuixinfabu_0930/456_8.html
  [202/214] RESOLVED                 20240924173313 https://www.yn.gov.cn/zwgk/zcwj/zxwj/202102/t20210209_217052.html
  [203/214] RESOLVED                 20260712212322 https://www.zgbk.com/ecph/words?SiteID=1&ID=398550
  [204/214] RESOLVED                 20250722230240 https://www.ztnews.net/article/show-40824.html
  [205/214] RESOLVED                 20240924174614 https://xbtrq.cn/upload/EditorGF/6369411795779532227346156.pdf
  [206/214] RESOLVED                 20250722180129 https://xueqiu.com/S/01865/161573921?md5__1038=n4%2BxBD0DuD9iGQi0%3DD%2FiW%2BeWw
  [207/214] RESOLVED                 20250724033900 https://yn.qianlima.com/zbcontent-471646204.html
  [208/214] RESOLVED                 20230809080008 https://zjt.shanxi.gov.cn/zwgk/gsgg/gs/201208/t20120810_1872700.shtml
  [209/214] RESOLVED                 20230803040800 https://zjt.shanxi.gov.cn/zwgk/gsgg/gs/201505/t20150515_1877028.shtml
  [210/214] RESOLVED                 20251023173522 https://zjt.shanxi.gov.cn/zwgk/gsgg/gs/201811/t20181102_1879994.shtml
  [211/214] RESOLVED                 20250929050028 https://zjw.sh.gov.cn/jsgl/20240310/d8a746667e5b4d5b9adbae3e3fe0e971.html
  [212/214] RESOLVED                 20250613082713 https://zrzyt.shanxi.gov.cn/zwgk/zwgkjbml/xzsp/jsxmydysjg/202109/t20210903_18495
      ConnectionError — backing off 20s
  [213/214] RESOLVED                 20250530003356 https://ztpd.nmgnews.com.cn/system/2012/10/15/010848497.shtml
  [214/214] RESOLVED                 20250929053303 https://zwzx.nantong.gov.cn/ntsxzspj/sphjgs/content/b3113ca7-9a35-4f6c-8963-a5c0

=== buckets ===
  RESOLVED: 209
  NO_CAPTURE: 4
  LOOKUP_ERROR: 1
