ACCESS_FAILURE  http://cx.jxgzwztb.com/detail/ann/477
    CDX error: ConnectTimeout
ACCESS_FAILURE  http://jxgajc.com/Hr/show-11464.aspx
    CDX error: ConnectTimeout
DELETED         http://m.xinhuanet.com/jx/2019-07/12/c_1124742729.htm
    CDX error: ConnectTimeout
ACCESS_FAILURE  http://www.chongyi.gov.cn/cyxrmzf/myzj/201702/3aea8210d9044bea88df4b05
    CDX error: ConnectTimeout
DELETED         http://www.cnlng.com/bencandy.php?fid=2&id=19075
    no captures in the CDX index
ACCESS_FAILURE  http://www.jxgajc.com/Hr/show-7403.aspx
    CDX error: ConnectTimeout
ACCESS_FAILURE  http://www.quannan.gov.cn/qnxxxgk/zdsjbg/202201/1a999e0f9d604224bcb03c
    CDX error: ConnectTimeout
ACCESS_FAILURE  https://gas.in-en.com/html/gas-3045223.shtml
    CDX error: ConnectTimeout
ACCESS_FAILURE  https://jndsb.jxnews.com.cn/system/2010/12/17/011544980.shtml
    CDX error: ConnectTimeout
ACCESS_FAILURE  https://m.qcc.com/firm/632d7349a9e0e3c5669434a8a5e5d2e2.html
    CDX error: ConnectTimeout
ACCESS_FAILURE  https://strq.jxngh.com/gsyw/359.htm
    CDX error: ConnectTimeout
ACCESS_FAILURE  https://web.archive.org/save/http://www.jxganan.com/anquanyanshoupingj
    CDX error: ConnectTimeout
ACCESS_FAILURE  https://web.archive.org/web/20230902105154/http://jxgajc.com/Hr/show-1
    CDX error: ConnectTimeout
ACCESS_FAILURE  https://www.nc.gov.cn/ncszf/jggl/201907/6a89f3a94e294aa0b8efe4957d9fb3
    CDX error: ConnectTimeout
DELETED         https://www.pipechina.com.cn/img/web/a5a6d9b8fd777bff30481360874596f4.
    CDX error: ConnectTimeout
ACCESS_FAILURE  https://www.skxox.com/20180618/1728460113.html
    no captures in the CDX index
ACCESS_FAILURE  https://www.zhaoqt.net/shixibaogao/328552.html
    CDX error: ConnectTimeout

0/17 unread URLs have a usable Wayback capture
wrote cdx_snapshots.json
